// Jest Snapshot v1, https://goo.gl/fbAQLP

exports[`Given a Training component When it is render Then should match the snapshot 1`] = `undefined`;
