// Jest Snapshot v1, https://goo.gl/fbAQLP

exports[`Given a Signup component When it is render Then should match the snapshot 1`] = `
<RCTSafeAreaView
  emulateUnlessSupported={true}
  style={
    Array [
      Object {
        "backgroundColor": "#595260",
        "flex": 1,
      },
      Object {
        "alignItems": "center",
      },
    ]
  }
>
  <View
    accessible={true}
    collapsable={false}
    focusable={true}
    onBlur={[Function]}
    onClick={[Function]}
    onFocus={[Function]}
    onResponderGrant={[Function]}
    onResponderMove={[Function]}
    onResponderRelease={[Function]}
    onResponderTerminate={[Function]}
    onResponderTerminationRequest={[Function]}
    onStartShouldSetResponder={[Function]}
    testID="loginPageButton"
  >
    <Image
      source={
        Object {
          "testUri": "../../../src/images/spartappYELLOW.png",
        }
      }
      style={
        Object {
          "height": 31,
          "marginTop": 54,
          "width": 146,
        }
      }
    />
  </View>
  <View
    style={
      Object {
        "alignItems": "center",
        "backgroundColor": "#2C2E43",
        "borderColor": "#FFD523",
        "borderRadius": 100,
        "borderWidth": 5,
        "height": 180,
        "justifyContent": "center",
        "marginTop": 15,
        "width": 180,
      }
    }
  >
    <Image
      source={
        Object {
          "testUri": "../../../src/images/userDefaultPNG.png",
        }
      }
      style={
        Object {
          "bottom": 10,
          "height": 140,
          "width": 120,
        }
      }
    />
  </View>
  <Text
    style={
      Object {
        "color": "#FFD523",
      }
    }
  >
     editar
  </Text>
  <View
    style={
      Array [
        Object {
          "alignSelf": "flex-start",
          "marginLeft": 14,
          "marginTop": 10,
        },
      ]
    }
  >
    <View
      style={
        Object {
          "alignItems": "center",
          "elevation": 15,
          "shadowColor": "#000",
          "shadowOffset": Object {
            "height": 7,
            "width": 0,
          },
          "shadowOpacity": 0.43,
          "shadowRadius": 9.51,
        }
      }
    >
      <Text
        style={
          Array [
            Object {
              "color": "#FFD523",
            },
          ]
        }
      >
        nombre
      </Text>
      <TextInput
        onChangeText={[Function]}
        onFocus={[Function]}
        placeholder="User name"
        placeholderTextColor="#B2B1B9"
        style={
          Array [
            Object {
              "backgroundColor": "#2C2E43",
              "borderRadius": 18,
              "fontSize": 24,
              "height": 67,
              "marginBottom": 20,
              "width": 300,
            },
            Object {
              "color": "#B2B1B9",
            },
          ]
        }
        testID="usernameInput"
        textAlign="center"
        textContentType="name"
        value=""
      />
    </View>
    <View
      style={
        Object {
          "alignItems": "center",
          "elevation": 15,
          "shadowColor": "#000",
          "shadowOffset": Object {
            "height": 7,
            "width": 0,
          },
          "shadowOpacity": 0.43,
          "shadowRadius": 9.51,
        }
      }
    >
      <Text
        style={
          Array [
            Object {
              "color": "#FFD523",
            },
          ]
        }
      >
        email
      </Text>
      <TextInput
        autoCapitalize="none"
        onChangeText={[Function]}
        onFocus={[Function]}
        placeholder="example@example.com"
        placeholderTextColor="#B2B1B9"
        style={
          Array [
            Object {
              "backgroundColor": "#2C2E43",
              "borderRadius": 18,
              "fontSize": 24,
              "height": 67,
              "marginBottom": 20,
              "width": 300,
            },
            Object {
              "color": "#B2B1B9",
            },
          ]
        }
        testID="emailInput"
        textAlign="center"
        textContentType="emailAddress"
        value=""
      />
    </View>
    <View
      style={
        Object {
          "alignItems": "center",
          "elevation": 15,
          "shadowColor": "#000",
          "shadowOffset": Object {
            "height": 7,
            "width": 0,
          },
          "shadowOpacity": 0.43,
          "shadowRadius": 9.51,
        }
      }
    >
      <Text
        style={
          Array [
            Object {
              "color": "#FFD523",
            },
          ]
        }
      >
        password
      </Text>
      <TextInput
        onChangeText={[Function]}
        onFocus={[Function]}
        placeholder="password"
        placeholderTextColor="#B2B1B9"
        secureTextEntry={true}
        style={
          Array [
            Object {
              "backgroundColor": "#2C2E43",
              "borderRadius": 18,
              "fontSize": 24,
              "height": 67,
              "marginBottom": 20,
              "width": 300,
            },
            Object {
              "color": "#B2B1B9",
            },
          ]
        }
        testID="passwordInput"
        textAlign="center"
        textContentType="newPassword"
        value=""
      />
    </View>
  </View>
  <View
    style={
      Array [
        Object {
          "alignItems": "center",
        },
        Object {
          "bottom": 50,
          "flexDirection": "row",
          "justifyContent": "space-around",
        },
        Object {
          "marginTop": 110,
        },
      ]
    }
  >
    <View
      accessible={true}
      collapsable={false}
      focusable={true}
      nativeID="animatedComponent"
      onClick={[Function]}
      onResponderGrant={[Function]}
      onResponderMove={[Function]}
      onResponderRelease={[Function]}
      onResponderTerminate={[Function]}
      onResponderTerminationRequest={[Function]}
      onStartShouldSetResponder={[Function]}
      style={
        Object {
          "alignItems": "center",
          "backgroundColor": "#2C2E43",
          "borderRadius": 15,
          "elevation": 15,
          "height": 41,
          "justifyContent": "center",
          "opacity": 1,
          "shadowColor": "#000",
          "shadowOffset": Object {
            "height": 7,
            "width": 0,
          },
          "shadowOpacity": 0.43,
          "shadowRadius": 9.51,
          "width": 160,
        }
      }
      testID="registerButton"
    >
      <Text
        style={
          Array [
            Object {
              "color": "#FFD523",
            },
            Object {
              "fontSize": 20,
              "fontWeight": "600",
              "justifyContent": "center",
              "marginLeft": 10,
              "marginRight": 10,
            },
          ]
        }
      >
        REGISTER
      </Text>
    </View>
  </View>
</RCTSafeAreaView>
`;
